
> jarvis-desktop-assistant@0.2.0 build:dir
> electron-builder --win --dir

  ΓÇó electron-builder  version=25.1.8 os=10.0.26200
  ΓÇó loaded configuration  file=package.json ("build" field)
  ΓÇó author is missed in the package.json  appPackageFile=C:\Users\anand\Repos\Jarvis\package.json
  Γ¿» Package "electron" is only allowed in "devDependencies". Please remove it from the "dependencies" section in your package.json.
